2025-01-21 18:43:00 | DEBUG | repo=2017-course-sys-int-osgi-seminar | action=commit
2025-03-24 12:09:00 | DEBUG | repo=2017-course-sys-int-osgi-seminar | action=commit
2025-10-26 11:53:00 | WARN | repo=2017-course-sys-int-osgi-seminar | action=commit
2025-11-17 09:30:00 | INFO | repo=2017-course-sys-int-osgi-seminar | action=commit
2025-08-17 13:20:00 | INFO | repo=2017-course-sys-int-osgi-seminar | action=commit
2025-11-07 13:29:00 | WARN | repo=2017-course-sys-int-osgi-seminar | action=test | passed=true
2025-06-24 13:31:00 | WARN | repo=2017-course-sys-int-osgi-seminar | action=commit
2025-11-18 10:48:00 | INFO | repo=2017-course-sys-int-osgi-seminar | action=commit
2025-09-24 17:39:00 | DEBUG | repo=2017-course-sys-int-osgi-seminar | action=commit
2025-12-05 18:19:00 | DEBUG | repo=2017-course-sys-int-osgi-seminar | action=edit | files=5
2025-10-07 12:49:00 | INFO | repo=2017-course-sys-int-osgi-seminar | action=commit
2025-11-03 18:13:00 | WARN | repo=2017-course-sys-int-osgi-seminar | action=commit
2025-02-14 12:29:00 | INFO | repo=2017-course-sys-int-osgi-seminar | action=commit
2025-12-04 19:45:00 | DEBUG | repo=2017-course-sys-int-osgi-seminar | action=commit
2025-03-12 13:00:00 | DEBUG | repo=2017-course-sys-int-osgi-seminar | action=commit
2025-06-10 08:41:00 | DEBUG | repo=2017-course-sys-int-osgi-seminar | action=test | passed=true
2025-07-25 07:20:00 | DEBUG | repo=2017-course-sys-int-osgi-seminar | action=commit
2025-11-24 07:14:00 | INFO | repo=2017-course-sys-int-osgi-seminar | action=edit | files=5
2025-02-05 09:42:00 | WARN | repo=2017-course-sys-int-osgi-seminar | action=pull
2025-10-16 09:07:00 | INFO | repo=2017-course-sys-int-osgi-seminar | action=commit
2025-05-27 19:20:00 | DEBUG | repo=2017-course-sys-int-osgi-seminar | action=commit
2025-12-16 07:24:00 | INFO | repo=2017-course-sys-int-osgi-seminar | action=pull
2025-03-17 19:33:00 | INFO | repo=2017-course-sys-int-osgi-seminar | action=commit
2025-10-06 12:21:00 | WARN | repo=2017-course-sys-int-osgi-seminar | action=commit
2025-04-12 12:03:00 | WARN | repo=2017-course-sys-int-osgi-seminar | action=commit
